[INFO] Scanning for projects...
[INFO] 
[INFO] --------------------------< com.example:demo >--------------------------
[INFO] Building hotel_management_backend 0.0.1-SNAPSHOT
[INFO]   from pom.xml
[INFO] --------------------------------[ jar ]---------------------------------
[INFO] 
[INFO] --- resources:3.3.1:resources (default-resources) @ demo ---
[INFO] Copying 1 resource from src\main\resources to target\classes
[INFO] Copying 0 resource from src\main\resources to target\classes
[INFO] 
[INFO] --- compiler:3.14.1:compile (default-compile) @ demo ---
[INFO] Recompiling the module because of changed source code.
[INFO] Compiling 126 source files with javac [debug parameters release 17] to target\classes
[INFO] /D:/ILP Sprint/New Final/demo/src/main/java/com/example/demo/config/SecurityConfig.java: D:\ILP Sprint\New Final\demo\src\main\java\com\example\demo\config\SecurityConfig.java uses or overrides a deprecated API.
[INFO] /D:/ILP Sprint/New Final/demo/src/main/java/com/example/demo/config/SecurityConfig.java: Recompile with -Xlint:deprecation for details.
[INFO] -------------------------------------------------------------
[WARNING] COMPILATION WARNING : 
[INFO] -------------------------------------------------------------
[WARNING] /D:/ILP Sprint/New Final/demo/src/main/java/com/example/demo/services/BookingService.java:[360,33] <T>where(org.springframework.data.jpa.domain.Specification<T>) in org.springframework.data.jpa.domain.Specification has been deprecated and marked for removal
[INFO] 1 warning
[INFO] -------------------------------------------------------------
[INFO] -------------------------------------------------------------
[ERROR] COMPILATION ERROR : 
[INFO] -------------------------------------------------------------
[ERROR] /D:/ILP Sprint/New Final/demo/src/main/java/com/example/demo/services/BookingService.java:[453,47] cannot find symbol
  symbol:   method existsByBookingId(java.lang.Long)
  location: variable invoiceRepository of type com.example.demo.repository.InvoiceRepository
[INFO] 1 error
[INFO] -------------------------------------------------------------
[INFO] ------------------------------------------------------------------------
[INFO] BUILD FAILURE
[INFO] ------------------------------------------------------------------------
[INFO] Total time:  11.235 s
[INFO] Finished at: 2026-03-05T23:37:06+05:30
[INFO] ------------------------------------------------------------------------
[ERROR] Failed to execute goal org.apache.maven.plugins:maven-compiler-plugin:3.14.1:compile (default-compile) on project demo: Compilation failure
[ERROR] /D:/ILP Sprint/New Final/demo/src/main/java/com/example/demo/services/BookingService.java:[453,47] cannot find symbol
[ERROR]   symbol:   method existsByBookingId(java.lang.Long)
[ERROR]   location: variable invoiceRepository of type com.example.demo.repository.InvoiceRepository
[ERROR] 
[ERROR] -> [Help 1]
[ERROR] 
[ERROR] To see the full stack trace of the errors, re-run Maven with the -e switch.
[ERROR] Re-run Maven using the -X switch to enable full debug logging.
[ERROR] 
[ERROR] For more information about the errors and possible solutions, please read the following articles:
[ERROR] [Help 1] http://cwiki.apache.org/confluence/display/MAVEN/MojoFailureException
